[backblue.gif]
[fade.gif]
[index.html]
[f-commission.com/favicon.ico]
[f-commission.com/common/js/webfont.js]
[f-commission.com/common/js/common71c5.js]
[f-commission.com/js/indexccb0.js]
[f-commission.com/common/img/header-logo_pc.png]
[f-commission.com/img/index/opening-img01.png]
[f-commission.com/uploads/2023/05/PANA1201.jpg]
[f-commission.com/uploads/2021/12/mexico1-scaled.jpg]
[f-commission.com/uploads/2021/12/fc-pro-top-pc-02.jpg]
[f-commission.com/uploads/2021/12/fc-pro-top-pc-01.jpg]
[f-commission.com/uploads/2021/12/fc-pro-top-pc-03-2.jpg]
[f-commission.com/uploads/2021/12/fc-pro-top-pc-07.jpg]
[f-commission.com/uploads/2021/12/ugan-scaled.jpg]
[f-commission.com/uploads/2021/12/fc-pro-top-pc-06.jpg]
[f-commission.com/uploads/2021/12/fc-pro-top-pc-14.jpg]
[f-commission.com/uploads/2021/12/fc-pro-top-pc-08.jpg]
[f-commission.com/uploads/2021/12/fc-pro-top-pc-16.jpg]
[f-commission.com/common/img/footer-logo_pc.png]
[f-commission.com/index.html]
[www.googletagmanager.com/gtm5445.html]
[f-commission.com/common/css/common1571.css]
[f-commission.com/css/index83e0.css]
[f-commission.com/people/index.html]
[f-commission.com/uploads/2023/05/PANA1201-640x427.jpg]
[f-commission.com/uploads/2021/12/S5A9918-Editar-640x427.jpg]
[f-commission.com/uploads/2021/12/fc-pro-02-1-640x427.jpg]
[f-commission.com/uploads/2021/12/fc-pro-01-1-640x427.jpg]
[f-commission.com/uploads/2021/12/fc-pro-03-1-2-640x427.jpg]
[f-commission.com/uploads/2021/12/fc-pro-07-1-640x427.jpg]
[f-commission.com/uploads/2021/12/91acd4d04589359fab0e486ecee359d1-640x425.jpg]
[f-commission.com/uploads/2021/12/fc-pro-06-1-640x427.jpg]
[f-commission.com/uploads/2021/12/fc-pro-16-1-640x427.jpg]
[f-commission.com/uploads/2021/12/fc-pro-08-1-640x427.jpg]
[f-commission.com/uploads/2021/12/fc-pro-19-1-640x427.jpg]
[f-commission.com/project/index.html]
[f-commission.com/about/index.html]
[f-commission.com/common/img/post-placehold02.jpg]
[f-commission.com/uploads/2022/02/7e787eacba7bc0ff0bc17616f1e745e3-640x353.png]
[f-commission.com/uploads/2021/12/scr-640x418.jpg]
[f-commission.com/news/index.html]
[f-commission.com/js/form81d1.js]
[f-commission.com/contact/index.html]
[f-commission.com/privacy/index.html]
[f-commission.com/people/100/index.html]
[f-commission.com/people/94/index.html]
[f-commission.com/people/90/index.html]
[f-commission.com/people/78/index.html]
[f-commission.com/people/723/index.html]
[f-commission.com/people/96/index.html]
[f-commission.com/people/88/index.html]
[f-commission.com/people/92/index.html]
[f-commission.com/uploads/2023/05/PANA1201-1024x683.jpg]
[f-commission.com/uploads/2023/04/0dd25c0f3a5b5f7a584c300c019da7ac.jpg]
[f-commission.com/uploads/2023/05/PANA1318-1024x683.jpg]
[f-commission.com/uploads/2023/05/PANA1166-1024x683.jpg]
[f-commission.com/uploads/2023/07/325408120_2311779468983386_1829417851921398747_n-1024x768.jpg]
[f-commission.com/project/byyard/index.html]
[f-commission.com/uploads/2021/12/S5A9918-Editar-1024x683.jpg]
[f-commission.com/uploads/2021/12/madoka.jpg]
[f-commission.com/uploads/2021/12/tentoten3-1024x683.jpg]
[f-commission.com/uploads/2021/12/580775899.832288-1-1024x576.jpg]
[f-commission.com/uploads/2021/12/5e7c0390-5228-4770-93e2-3b30d0ad68b0-1-1024x768.jpg]
[f-commission.com/uploads/2021/12/67763404_10219513833573399_8562113713706893312_n-1024x683.jpg]
[f-commission.com/uploads/2021/12/81906209_10220934601571711_8752832290536554496_n.jpg]
[f-commission.com/uploads/2021/12/242636363_1490260214663283_489840823745546593_n-1024x947.jpg]
[f-commission.com/project/tentoten-07-puerto-vallarta/index.html]
[f-commission.com/uploads/2021/12/fc-pro-02-1-1024x683.jpg]
[f-commission.com/uploads/2021/12/fc_SHUN-YASUOKA.jpg]
[f-commission.com/uploads/2021/12/fc-pro-02-2-1024x683.jpg]
[f-commission.com/uploads/2021/12/fc-pro-02-3-1024x683.jpg]
[f-commission.com/uploads/2021/12/fc-pro-02-4-1024x683.jpg]
[f-commission.com/project/札幌リノベーションスタジオ/index.html]
[f-commission.com/uploads/2021/12/fc-pro-01-1-1024x683.jpg]
[f-commission.com/uploads/2021/12/fc_MISATO-SUZKI.jpg]
[f-commission.com/uploads/2021/12/fc-pro-01-2-1024x683.jpg]
[f-commission.com/uploads/2021/12/fc-pro-01-3-1024x683.jpg]
[f-commission.com/uploads/2021/12/fc-pro-01-4-1024x683.jpg]
[f-commission.com/project/tentoten-10-sapporo-station/index.html]
[f-commission.com/uploads/2021/12/fc-pro-03-1-2-1024x683.jpg]
[f-commission.com/uploads/2021/12/fc_DAIKI-TAKAHASHI.jpg]
[f-commission.com/uploads/2021/12/fc-pro-03-3-1024x683.jpg]
[f-commission.com/uploads/2021/12/fc-pro-03-4-1024x683.jpg]
[f-commission.com/uploads/2021/12/fc-pro-03-5-1024x683.jpg]
[f-commission.com/project/smarthotel-kutchan/index.html]
[f-commission.com/uploads/2021/12/fc-pro-07-1-1024x683.jpg]
[f-commission.com/uploads/2021/12/fc-pro-07-2-1024x683.jpg]
[f-commission.com/uploads/2021/12/fc-pro-07-3-1024x683.jpg]
[f-commission.com/uploads/2021/12/fc-pro-07-4-1024x683.jpg]
[f-commission.com/project/wagaya-maruyama/index.html]
[f-commission.com/uploads/2021/12/91acd4d04589359fab0e486ecee359d1.jpg]
[f-commission.com/uploads/2021/12/kurumi-1024x850.jpg]
[f-commission.com/uploads/2021/12/269609573_923051624933903_6156006780425112398_n-1024x683.jpg]
[f-commission.com/uploads/2021/12/53fcb10446a3bbf14d9c8592053274af.jpg]
[f-commission.com/uploads/2021/12/3bd1aa5aad16402808cc1c4911ff70ee.jpg]
[f-commission.com/uploads/2021/12/0a4ce437fce0c7cd274467bccd77969a.jpg]
[f-commission.com/uploads/2021/12/267691755_2985888478392711_6264800337199402910_n-1024x864.jpg]
[f-commission.com/project/om-hostel-bunyonyi/index.html]
[f-commission.com/uploads/2021/12/fc-pro-06-1-1024x683.jpg]
[f-commission.com/uploads/2021/12/fc-pro-06-2-1024x683.jpg]
[f-commission.com/uploads/2021/12/fc-pro-06-3-1024x683.jpg]
[f-commission.com/uploads/2021/12/fc-pro-06-4-1024x683.jpg]
[f-commission.com/project/tentoten-4-sapporo-station/index.html]
[f-commission.com/uploads/2021/12/fc-pro-16-1-1024x683.jpg]
[f-commission.com/uploads/2021/12/fc-pro-16-2-1024x683.jpg]
[f-commission.com/uploads/2021/12/fc-pro-16-3-1024x683.jpg]
[f-commission.com/uploads/2021/12/fc-pro-16-4-1024x683.jpg]
[f-commission.com/project/furano_consulting/index.html]
[f-commission.com/uploads/2021/12/fc-pro-08-1-1024x683.jpg]
[f-commission.com/uploads/2021/12/fc-pro-08-2-1024x683.jpg]
[f-commission.com/uploads/2021/12/fc-pro-08-3-1024x683.jpg]
[f-commission.com/uploads/2021/12/fc-pro-08-4-1-1024x683.jpg]
[f-commission.com/project/zenhostel/index.html]
[f-commission.com/uploads/2021/12/fc-pro-19-1-1024x683.jpg]
[f-commission.com/uploads/2021/12/fc_HASEGAWA.jpg]
[f-commission.com/uploads/2021/12/fc-pro-16-1-1-1024x683.jpg]
[f-commission.com/project/hokkaido-tsunagaru-market/index.html]
[f-commission.com/uploads/2022/06/bc9c1ccb36d126ae2d337af08eee9559-640x201.png]
[f-commission.com/news/717/index.html]
[f-commission.com/uploads/2022/02/7e787eacba7bc0ff0bc17616f1e745e3.png]
[f-commission.com/news/685/index.html]
[f-commission.com/uploads/2022/02/0a2af0a5c1576baf98cf029939f44609-640x87.png]
[f-commission.com/news/667/index.html]
[f-commission.com/css/people8984.css]
[f-commission.com/common/libs/splide/splide.min.js]
[f-commission.com/js/member9d21.js]
[f-commission.com/uploads/2024/02/yamazaki-1.jpg]
[f-commission.com/uploads/2024/02/sagawa-1.jpg]
[f-commission.com/uploads/2024/02/ishizawa-1.jpg]
[f-commission.com/uploads/2024/02/totsuka.jpg]
[f-commission.com/uploads/2024/02/mori.jpg]
[f-commission.com/uploads/2024/02/ito-1.jpg]
[f-commission.com/uploads/2024/02/kosone-1.jpg]
[f-commission.com/uploads/2024/02/oono-1.jpg]
[f-commission.com/uploads/2024/02/enomoto.jpg]
[f-commission.com/uploads/2024/02/onodera.jpg]
[f-commission.com/member/index.html]
[f-commission.com/people/741/index.html]
[f-commission.com/people/736/index.html]
[f-commission.com/people/733/index.html]
[f-commission.com/people/730/index.html]
[f-commission.com/people/69/index.html]
[f-commission.com/people/72/index.html]
[f-commission.com/people/515/index.html]
[f-commission.com/css/project8984.css]
[f-commission.com/project/category/operation/index.html]
[f-commission.com/project/category/realestate/index.html]
[f-commission.com/project/category/newbussiness/index.html]
[f-commission.com/project/category/in-house/index.html]
[f-commission.com/project/category/consulting/index.html]
[f-commission.com/css/aboutd62f.css]
[f-commission.com/css/news200a.css]
[f-commission.com/uploads/2021/12/scr-1024x669.jpg]
[f-commission.com/news/49/index.html]
[f-commission.com/news/category/notification/index.html]
[f-commission.com/news/date/2022/6/index.html]
[f-commission.com/news/date/2022/2/index.html]
[f-commission.com/news/date/2021/12/index.html]
[f-commission.com/css/form200a.css]
[f-commission.com/css/contactd62f.css]
[f-commission.com/css/privacy200a.css]
[f-commission.com/img/news/sns_facebook.svg]
[f-commission.com/img/news/sns_twitter.svg]
[f-commission.com/common/libs/splide/splide-core.min.css]
[f-commission.com/css/member8984.css]
[f-commission.com/img/member/category_deco.svg]
[f-commission.com/member/category/real_estate/index.html]
[f-commission.com/member/category/domestic/index.html]
[f-commission.com/member/category/overseas/index.html]
[f-commission.com/member/category/corporate_development/index.html]
[f-commission.com/member/category/human_resources/index.html]
[f-commission.com/uploads/2024/02/yamazaki-1024x768.jpg]
[f-commission.com/uploads/2024/02/yamazaki2.jpg]
[f-commission.com/member/847/index.html]
[f-commission.com/uploads/2024/02/423541822_1802667073514540_5599222167054067_n-1-768x1024.jpg]
[f-commission.com/uploads/2024/02/sagawa2.jpg]
[f-commission.com/member/856/index.html]
[f-commission.com/uploads/2024/02/ishizawa.jpg]
[f-commission.com/uploads/2024/02/ishizawa2.jpg]
[f-commission.com/member/849/index.html]
[f-commission.com/uploads/2024/02/tothuka.jpg]
[f-commission.com/uploads/2024/02/totsuka2.jpg]
[f-commission.com/member/868/index.html]
[f-commission.com/uploads/2024/02/423568423_1279558563434678_5794691481476647995_n-1024x576.jpg]
[f-commission.com/uploads/2024/02/mori2.jpg]
[f-commission.com/member/866/index.html]
[f-commission.com/uploads/2024/02/ito-1024x768.jpg]
[f-commission.com/uploads/2024/02/ito2.jpg]
[f-commission.com/member/827/index.html]
[f-commission.com/uploads/2024/02/kosone-2-530x1024.jpg]
[f-commission.com/uploads/2024/02/kosone2.jpg]
[f-commission.com/member/862/index.html]
[f-commission.com/uploads/2024/02/oono-1024x768.jpg]
[f-commission.com/uploads/2024/02/oono2.jpg]
[f-commission.com/member/859/index.html]
[f-commission.com/uploads/2024/02/sagawa-1024x768.jpg]
[f-commission.com/uploads/2024/02/enomoto2.jpg]
[f-commission.com/member/854/index.html]
[f-commission.com/uploads/2024/02/onodera2.jpg]
[f-commission.com/member/852/index.html]
[f-commission.com/people/741/“https_/twitter.com/a_yamazaki69”.html]
[f-commission.com/people/741/“https_/www.facebook.com/LovedCompany”.html]
